Test called
After supercall: 5.000000
Return value: 6.000000
