helloclass conforms
otherclass doesn't conform
Hello world instance
