After alloc
After init
Hello world, 1 2 3 4 5 6 7
After hello
After release
After alloc
After init
Hello world, 1 2 3 4 5 6 7
After hello
After release
