First pass...
Handler!
First pass...
Second pass...
