Responds: 1
Calling superclass
Hello world from helloclass
