instance size: 16
after alloc
after ivarSet
Hello world, 3
after doHello
