main: var = 123
main: var = 321
thread: var = 123
